[   0.00000]Linuversn 4..0-2genec (buid@lg1-amd6-09) (c veion 3.0 bunt7.3.-1ubun3)) 1-Ubtu S Tuepr 206:115 U 201(Ubuu 4..0-20.-genic 45.17)[   .0000] Cmandine:OOT_AGE=/bot/vinuz.15.0--genic rt=LAL=cldimg-rotfs rconse=tt conle=tS0
   0.0000]ERNEsupprted pu:
[  0.0000  InteGenueInt
[   0.000000]   AMD AuthenticAMD

[    0.000000]   Centaur CentaurHauls
[    0.000000] x86/fpu: Supporting XSAVE feature 0x001:'x87loatg pot rester
[  0.0000]x8/fpuSupprting XVE fturex002: SE riste'
[  0.00000] x86fp: SupotingSAVEeaturex004'AVXegisrs'[    000000 x86pu: tateffse2]: 76, xste_ses[2]: 25
[  0.0000]86/fpu: Enabled xstate features 0x7, context size is 832 bytes, using 'standard' format.
[    0.000000] e820: BIOS-provided physical RAM map:
[    0.000000] BIOS-e820: [mem 0x0000000000000000-0x000000000009fbff] usable
[    0.000000] BIOS-e820: [mem 0x000000000009fc00-0x000000000009ffff] reserved
[    0.000000] BIOS-e820: [mem 0x00000000000f0000-0x00000000000fffff] reserved
[    0.000000] BIOS-e820: [mem 0x0000000000100000-0x000000003ffeffff] usable
[    0.000000] BIOS-e820: [mem 0x000000003fff0000-0x000000003fffffff] ACPI data
[    0.000000] BIOS-e820: [mem 0x00000000fec00000-0x00000000fec00fff] reserved
[    0.000000] BIOS-e820: [mem 0x00000000fee00000x000000ee0fff rserv
[   .0000] BI-e82 [me0x000000fc00-0x000000ffffff]eserd
[  0.000] NNX xecu Disle) otecon: aciv
[   .0000] rdom:fat in don
[  0.00000] SIOS 5 prent.
[    0000] DM innte GmbVirtalBoxVirtlBoxBIOSirtuBox /01/06
   0000000]Hypeisoretecd: K
[  0.0000]820:ast_n = x3fff0 m_arcpfn = 4000000[   .0000] MRR: Disaed
   0.0000]86/P: MTs dibledskipin PATnitialiaton t.
[   .0000] C MTR alllank- irtuizedyste
[   .0000] x/PATConfuraton[0-7 WB  W  C- U WB T  U UC 
[  0.0000] fod SMP MP-tabe  [me0x00fff0x000fff]appeat [      trval)]
[   00000 Scaing areafor lomemo corrupton
[   0.00000]RAMDISK: [mem 35b100-06d86f]
   0.0000] ACP: Eay tae checum vificion dibled
[   0.00000ACPIRSDP0x00000000E00 0002 (v0VBOX)
[  0.00000] PI: DT 0000003FF000 0003 (v0VBOX  VBOXXS 000001 L  00006
[  0.0000]CPI: FP 0x0000003F00F0000 (v04 OX  BOXFACP 00000001 ASL  00000061)
[    0.000000] ACPI: DSDT 0x000000003FFF0470 0021FF (v02 VBOX   VBOXBIOS 00000002 INTL 20100528)
[    0.000000] ACPI: FACS 0x000000003FFF0200 000040
[    0.000000] ACPI: FACS 0x000000003FFF0200 000040
[    0.000000] ACPI: APIC 0x000000003FFF0240 00005C (v02 VBOX   VBOXAPIC 00000001 ASL  00000061)
[    0.000000] ACPI: SSDT 0x000000003FFF02A0 0001CC (v01 VBOX   VBOXCPUT 00000002 INTL 20100528)
[    0.000000] No NUMA configuration found
[   0.000000] Faking a node at [mem 0x0000000000000000-0x000000003ffeffff]
[    0.000000] NODE_DATA(0) allocated [mem 0x3ffc5000-0x3ffeffff]
[    0.000000] kvm-clock: cpu 0, msr 0:3ff44001, primary cpu clock
[    0.000000] kvm-clock: Using msrs 4b564d01 and 4b564d00
[    0.000000] kvm-clock: using sched offset of 3463226185 cycles
[    0.000000] clocksource: kvm-clock: mask: 0xffffffffffffffff max_cycles: 0x1cd42e4dffb, max_idle_ns: 881590591483 ns
[    0.00000]Zoe raes:
[  0.0000]  MA    [m 0x000000001000x000000ffffff
    0000]   A32  [me0x0000000000000x000003fffff]
[   00000   Nrml empt
[  0.00000] Deve   pty[   .00000 Movle zone tartor eh no
[   .0000] Erl memy no rans
[   0.00000  no   0[memx000000001000x0000000009ff][   .00000   nde  0:mem 000000001000-000000003fefff]
[  0.0000Initemsetunode0 [memx000000001000x000000fefff]
[  0.00000 Resved buunavlabl 98 ags[   .0000] AI: P-Tmer O or 0x4008
[    0.000000] IOAPIC[0]: apic_id 2, version 32, address 0xfec00000, GSI 0-23
[    0.000000] ACPI: INT_SRC_OVR (bus 0 bus_irq 0 global_irq 2 dfl dfl)
[    0.000000] ACPI: INT_SRC_OVR (bus 0 bus_irq 9 global_irq 9 low level)
[    0.000000] Using ACPI (MADT) for SMP configuration information
[    0.000000] smpboot: Allowing 2 CPUs, 0 hotplug CPUs
[    0.000000] PM: Registered nosave memory: [mem 0x00000000-0x00000fff]
[    0.000000] PM: Registered nosave memory: [mem 0x0009f000-0x0009ffff]
[    0.000000] PM: Registered nosave memory: [mem 0x000a0000-0x000effff]
[    0.00000] PM: Registered nosave memory: [mem 0x000f0000-0x000fffff]
[    0.000000] e820: [mem 0x40000000-0xfebfffff] available for PCI devices
[    0.000000] Booting paravirtualized kernel on KVM
[    0.000000] clocksource: refined-jiffies: mask: 0xffffffff max_cycles: 0xffffffff, max_idle_ns: 7645519600211568 ns
[    0.000000] setup_percpu: NR_CPUS:8192 nr_cpumask_bits:2 nr_cpu_ids:2 nr_node_ids:1
[    0.000000] percpu: Embedded 46 pages/cpu @        (ptrval) s151552 r8192 d28672 u1048576
[    0.000000] PV qspinlock hash table entries: 256 (order: 0, 4096 bytes)
[    0.000000] Built 1 zonelists, mobility grouping on.  Total pages: 257913
[    0.000000] Policy zone:DM32
[   00000] Keel cmand le: BT_IME=/bt/vmnuz-15.00-geric ro=LABELloudmgrofs r cnsoltty1onso=tty
[   .00000] Mery: 3740104820 avalale (300Kernel coe, 20K rdaa,420K rata,404Knit,416K b, 640K rserved,K cmreseed)[   0.0000 SLU HWaign=64Orde0-3,inObcts= CPU2, Nes=1
[  0.0000] Keel/Ur pa tabs isatio enaed
   0.0000] face:llocing 905 enris in53 pes
   00400 Hierchil RCU plemtati.
[  0.0000] CU rtricng Cs fromR_CP=819to ncpu_s=2.
[    004000	Tas RCUnabled
[  0.0000] U: Adjutinggemetrfor u_fano_lea16, _cpuds=2
[  0.0400NR_IS: 5454, nrirs: 40,preaocat irq: 16
[   00040] Consle cour A+ 825
   0.0000]onsoe [tty1enabd
[  0.0000] nsol[tty] enbled
   0.00400 AI: Ce resion 217831[   .0040] AI: 2 APIAML abesuccefullacqued a load
[    0.004000] APIC: Switch to symmetric I/O mode setup
[    0.004000] x2apic enabled
[    0.004000] Switched APIC routing to physical x2apic.
[    0.005132] ..TIMER: vector=0x30 apic1=0 pin1=2 apic2=-1 pin2=-1
[    0.008008] tsc: Detected 2294.774 MHz processor
[    0.012011] Calibrating delay loop (skipped) preset value.. 4589.54 BogoMIPS (lpj=9179096)
[    0.016008] pid_max: default: 32768 minimum: 301
[    0.020045] Security Framework initialized
[    0.024009] Yama: becoming mindful.
[    0.024708] AppArmor: AppArmor initialized
[    0.025985] Dentry cache hash table entries: 131072 (order: 8, 1048576 bytes)
[    0.027213] Inode-cache hash table entries: 65536 (order: 7, 524288 bytes)
[    0.028011] Mount-cache hash table entries: 2048 (order: 2, 16384 bytes)
[    0.032015] Mountpoint-cache hash table entries: 2048 (order: 2, 16384 bytes)
[    0.036220] CPU: Physical Processor ID: 0
[    0.040007] CPU: Processor Core ID: 0
[    0.044074] mce: CPU supports 0 MCE banks
[    0.048025] Last level iTLB entries: 4KB 512, 2MB 8, 4MB 8
[    0.052008] Last level dTLB entries: 4KB 512, 2MB 32, 4MB 32, 1GB 0
[    0.056007] Spectre V2 : Mitigation: Full generic retpoline
[    0.060121] Freeing SMP alternatives memory: 36K
[    0.072000] smpboot: CPU0: Intel(R) Core(TM) i7-2820QM CPU @ 2.30GHz (family: 0x6, model: 0x2a, stepping: 0x7)
[    0.072103] Performance Events: unsupported p6 CPU model 42 no PMU driver, software events only.
[    0.076074] Hierarchical SRCU implementation.
[    0.080552] NMI watchdog: Perf event create on CPU 0 failed with -2
[    0.084008] NMI watchdog: Perf NMI watchdog permanently disabled
[    0.088084] smp: Bringing up secondary CPUs ...
[    0.092132] x86: Booting SMP configuration:
[    0.096007] .... node  #0, CPUs:      #1
[    0.004000] kvm-clock: cpu 1, msr 0:3ff44041, secondary cpu clock
[    0.004000] mce: CPU supports 0 MCE banks
[    0.452026] smp: Brought up 1 node, 2 CPUs
[    0.456011] smpboot: Max logical packages: 1
[    0.460010] smpboot: Total of 2 processors activated (9179.09 BogoMIPS)
[    0.464167] devtmpfs: initialized
[    0.468068] x86/mm: Memory block size: 128MB
[    0.472163] evm: security.selinux
[    0.476007] evm: security.SMACK64
[    0.480003] evm: security.SMACK64EXEC
[    0.484006] evm: security.SMACK64TRANSMUTE
[    0.488005] evm: security.SMACK64MMAP
[    0.492004] evm: security.apparmor
[    0.496007] evm: security.ima
[    0.500004] evm: security.capability
[    0.504100] clocksource: jiffies: mask: 0xffffffff max_cycles: 0xffffffff, max_idle_ns: 7645041785100000 ns
[    0.508018] futex hash table entries: 512 (order: 3, 32768 bytes)
[    0.512086] pinctrl core: initialized pinctrl subsystem
[    0.516564] RTC time: 20:07:36, date: 06/13/18
[    0.524083] NET: Registered protocol family 16
[    0.528087] audit: initializing netlink subsys (disabled)
[    0.532051] audit: type=2000 audit(1528920425.227:1): state=initialized audit_enabled=0 res=1
[    0.544006] cpuidle: using governor ladder
[    0.548021] cpuidle: using governor menu
[    0.552065] ACPI: bus type PCI registered
[    0.552776] acpiphp: ACPI Hot Plug PCI Controller Driver version: 0.5
[    0.553948] PCI: Using configuration type 1 for base access
[    0.556503] HugeTLB registered 2.00 MiB page size, pre-allocated 0 pages
[    0.557173] ACPI: Added _OSI(Module Device)
[    0.557173] ACPI: Added _OSI(Processor Device)
[    0.557587] ACPI: Added _OSI(3.0 _SCP Extensions)
[    0.560003] ACPI: Added _OSI(Processor Aggregator Device)
[    0.561248] ACPI: Executed 1 blocks of module-level executable AML code
[    0.565570] ACPI: Interpreter enabled
[    0.568019] ACPI: (supports S0 S5)
[    0.572008] ACPI: Using IOAPIC for interrupt routing
[    0.576295] PCI: Using host bridge windows from ACPI; if necessary, use "pci=nocrs" and report a bug
[    0.580197] ACPI: Enabled 2 GPEs in block 00 to 07
[    0.591955] ACPI: PCI Root Bridge [PCI0] (domain 0000 [bus 00-ff])
[    0.592019] acpi PNP0A03:00: _OSC: OS supports [ASPM ClockPM Segments MSI]
[    0.596054] acpi PNP0A03:00: _OSC: not requesting OS control; OS requires [ExtendedConfig ASPM ClockPM MSI]
[    0.600033] acpi PNP0A03:00: fail to add MMCONFIG information, can't access extended PCI configuration space under this bridge.
[    0.604418] PCI host bridge to bus 0000:00
[    0.608008] pci_bus 0000:00: root bus resource [io  0x0000-0x0cf7 window]
[    0.612012] pci_bus 0000:00: root bus resource [io  0x0d00-0xffff window]
[    0.616011] pci_bus 0000:00: root bus resource [mem 0x000a0000-0x000bffff window]
[    0.620008] pci_bus 0000:00: root bus resource [mem 0x40000000-0xfdffffff window]
[    0.624011] pci_bus 0000:00: root bus resource [bus 00-ff]
[    0.634041] pci 0000:00:01.1: legacy IDE quirk: reg 0x10: [io  0x01f0-0x01f7]
[    0.636010] pci 0000:00:01.1: legacy IDE quirk: reg 0x14: [io  0x03f6]
[    0.640008] pci 0000:00:01.1: legacy IDE quirk: reg 0x18: [io  0x0170-0x0177]
[    0.644009] pci 0000:00:01.1: legacy IDE quirk: reg 0x1c: [io  0x0376]
[    0.662367] pci 0000:00:07.0: quirk: [io  0x4000-0x403f] claimed by PIIX4 ACPI
[    0.664027] pci 0000:00:07.0: quirk: [io  0x4100-0x410f] claimed by PIIX4 SMB
[    0.675211] ACPI: PCI Interrupt Link [LNKA] (IRQs 5 9 10 *11)
[    0.676342] ACPI: PCI Interrupt Link [LNKB] (IRQs 5 9 *10 11)
[    0.680078] ACPI: PCI Interrupt Link [LNKC] (IRQs 5 *9 10 11)
[    0.681133] ACPI: PCI Interrupt Link [LNKD] (IRQs 5 9 10 *11)
[    0.682386] SCSI subsystem initialized
[    0.683078] pci 0000:00:02.0: vgaarb: setting as boot VGA device
[    0.683078] pci 0000:00:02.0: vgaarb: VGA device added: decodes=io+mem,owns=io+mem,locks=none
[    0.684018] pci 0000:00:02.0: vgaarb: bridge control possible
[    0.688005] vgaarb: loaded
[    0.688514] ACPI: bus type USB registered
[    0.689196] usbcore: registered new interface driver usbfs
[    0.690086] usbcore: registered new interface driver hub
[    0.690949] usbcore: registered new device driver usb
[    0.692060] EDAC MC: Ver: 3.0.0
[    0.696211] PCI: Using ACPI for IRQ routing
[    0.697031] NetLabel: Initializing
[    0.697654] NetLabel:  domain hash size = 128
[    0.700002] NetLabel:  protocols = UNLABELED CIPSOv4 CALIPSO
[    0.700968] NetLabel:  unlabeled traffic allowed by default
[    0.701928] clocksource: Switched to clocksource kvm-clock
[   .768 V: isquasquot_6.6.0
[  1241]FSDqotac hh tae trs:12orr  46 te
[   .99199]ppmo AArr lest Ebled
[  2301]npPnAC it  2.261] pn P AI:ou 3eves
[  3.448] ocoue:cppmma: ffffaxcycle 0fff,axdlns2057014 s[  4537]ETRestedrocofaly 2

[   .173 T eabsh hash bl entes81 (de 4656 te
[   5.46] CP bi hh blenie 82 rd: 5,1372yt)  6.48] P:astaes cfire(eabsh 82 in812)
  7.58] P shab eri: 2 rdr: 2,63 bes
[  8836]UDP-tehashtae trs:12orr:, 38bys)
[   .016 N: gier ptol faly 1
[    9.558 p 00::00:imindictCI/P tnsrs[ 10754]ci0000::00:ctatg A A ngorrods
[   .091 p 00::00:id dvi wh adedOMt emx0c00-00ffff

[   .126 Uacngniramf..

[   12.785635] Freeing initrd memory: 18848K
[   12.930169] platform rtc_cmos: registered platform RTC device (no PNP device found)
[   13.236216] Scanning for low memory corruption every 60 seconds
[   13.453987] Initialise system trusted keyrings
[   13.482783] Key type blacklist registered
[   13.483651] workingset: timestamp_bits=36 max_order=18 bucket_order=0
[   13.486198] zbud: loaded
[   13.487097] squashfs: version 4.0 (2009/01/31) Phillip Lougher
[   13.488376] fuse init (API version 7.26)
[   13.492574] Key type asymmetric registered
[   13.493307] Asymmetric key parser 'x509' registered
[   13.494165] Block layer SCSI generic (bsg) driver version 0.4 loaded (major 246)
[   13.549020] io scheduler noop registered
[   13.672028] io scheduler deadline registered
[   13.832422] io scheduler cfq registered (default)
[   13.986832] tsc: Refined TSC clocksource calibration: 2295.241 MHz
[   14.207819] clocksource: tsc: mask: 0xffffffffffffffff max_cycles: 0x2115a58493e, max_idle_ns: 440795233868 ns
[   14.538719] ACPI: AC Adapter [AC] (on-line)
[   14.555636] input: Power Button as /devices/LNXSYSTM:00/LNXPWRBN:00/input/input0
[   14.558305] ACPI: Power Button [PWRF]
[   14.571579] input: Sleep Button as /devices/LNXSYSTM:00/LNXSLPBN:00/input/input1
[   14.574280] ACPI: Sleep Button [SLPF]
[   14.575182] Serial: 8250/16550 driver, 32 ports, IRQ sharing enabled
[   14.575913] ACPI: Battery Slot [BAT0] (battery present)
[   14.962492] 00:02: ttyS0 at I/O 0x3f8 (irq = 4, base_baud = 115200) is a 16550A
[   15.213474] Linux agpgart interface v0.103
[   15.293387] loop: module loaded
[   15.294475] scsi host0: ata_piix
[   15.295182] scsi host1: ata_piix
[   15.417950] ata1: PATA max UDMA/33 cmd 0x1f0 ctl 0x3f6 bmdma 0xd000 irq 14
[   15.640924] ata2: PATA max UDMA/33 cmd 0x170 ctl 0x376 bmdma 0xd008 irq 15
[   15.859125] libphy: Fixed MDIO Bus: probed
[   15.934241] tun: Universal TUN/TAP device driver, 1.6
[   16.045753] PPP generic driver version 2.4.2
[   16.046581] ehci_hcd: USB 2.0 'Enhanced' Host Controller (EHCI) Driver
[   16.047659] ehci-pci: EHCI PCI platform driver
[   16.048586] ehci-platform: EHCI generic platform driver
[   16.049473] ohci_hcd: USB 1.1 'Open' Host Controller (OHCI) Driver
[   16.050498] ohci-pci: OHCI PCI platform driver
[   16.051270] ohci-platform: OHCI generic platform driver
[   16.052166] uhci_hcd: USB Universal Host Controller Interface driver
[   16.053270] i8042: PNP: PS/2 Controller [PNP0303:PS2K,PNP0f03:PS2M] at 0x60,0x64 irq 1,12
[   16.055916] serio: i8042 KBD port at 0x60,0x64 irq 1
[   16.056767] serio: i8042 AUX port at 0x60,0x64 irq 12
[   16.057863] mousedev: PS/2 mouse device common for all mice
[   16.252796] rtc_cmos rtc_cmos: rtc core: registered rtc_cmos as rtc0
[   16.488628] input: AT Translated Set 2 keyboard as /devices/platform/i8042/serio0/input/input2
[   16.492347] rtc_cmos rtc_cmos: alarms up to one day, 114 bytes nvram
[   16.492363] i2c /dev entries driver
[   16.492427] device-mapper: uevent: version 1.0.3
[   16.492505] device-mapper: ioctl: 4.37.0-ioctl (2017-09-20) initialised: dm-devel@redhat.com
[   17.530961] ledtrig-cpu: registered to indicate activity on CPUs
[   17.538269] NET: Registered protocol family 10
[   17.542732] Segment Routing with IPv6
[   17.554310] NET: Registered protocol family 17
[   17.561169] Key type dns_resolver registered
[   17.562155] RAS: Correctable Errors collector initialized.
[   17.570763] sched_clock: Marking stable (17570740260, 0)->(58569887184, -40999146924)
[   17.572369] registered taskstats version 1
[   17.581621] Loading compiled-in X.509 certificates
[   17.707150] Loaded X.509 cert 'Build time autogenerated kernel key: f4ad6a5babf67650e4ceb385fa5dda8e4a178208'
[   18.064825] zswap: loaded using pool lzo/zbud
[   18.194128] Key type big_key registered
[   18.313552] Key type trusted registered
[   18.423847] Key type encrypted registered
[   18.556028] AppArmor: AppArmor sha1 policy hashing enabled
[   18.736061] ima: No TPM chip found, activating TPM-bypass! (rc=-19)
[   18.921707] evm: HMAC attrs: 0x1
[   19.005867]   Magic number: 6:164:144
[   19.122381] ata_port ata1: hash matches
[   19.239303]  ata1: hash matches
[   19.290735] rtc_cmos rtc_cmos: setting system clock to 2018-06-13 20:07:59 UTC (1528920479)
[   19.295873] BIOS EDD facility v0.16 2004-Jun-25, 0 devices found
[   19.493528] EDD information not available.
[   19.634518] Freeing unused kernel memory: 2404K
[   19.794033] Write protecting the kernel read-only data: 20480k
[   20.018148] Freeing unused kernel memory: 2008K
[   20.165677] Freeing unused kernel memory: 1904K
[   20.295600] x86/mm: Checked W+X mappings: passed, no W+X pages found.
[   20.519027] x86/mm: Checking user space page tables
[   20.681022] x86/mm: Checked W+X mappings: passed, no W+X pages found.
Loading, please wait...
starting version 237
[   20.995568] Fusion MPT base driver 3.04.20
[   21.084567] Copyright (c) 1999-2008 LSI Corporation
[   21.171880] Fusion MPT SPI Host driver 3.04.20
[   21.267951] AVX version of gcm_enc/dec engaged.
[   21.271135] e1000: Intel(R) PRO/1000 Network Driver - version 7.3.21-k8-NAPI
[   21.271136] e1000: Copyright (c) 1999-2006 Intel Corporation.
[   21.425770] mptbase: ioc0: Initiating bringup
[   21.520962] ioc0: LSI53C1030 A0: Capabilities={Initiator}
[   22.050901] AES CTR mode by8 optimization enabled
[   22.223697] input: ImExPS/2 Generic Explorer Mouse as /devices/platform/i8042/serio1/input/input4
[   22.224539] scsi host2: ioc0: LSI53C1030 A0, FwRev=00000000h, Ports=1, MaxQ=256, IRQ=20
[   22.849435] scsi 2:0:0:0: Direct-Access     VBOX     HARDDISK         1.0  PQ: 0 ANSI: 5
[   23.212136] scsi target2:0:0: Beginning Domain Validation
[   23.240973] e1000 0000:00:03.0 eth0: (PCI:33MHz:32-bit) 02:f4:47:a9:25:d8
[   23.240977] e1000 0000:00:03.0 eth0: Intel(R) PRO/1000 Network Connection
[   23.294343] e1000 0000:00:03.0 enp0s3: renamed from eth0
[   23.294393] scsi target2:0:0: Domain Validation skipping write tests
[   23.294394] scsi target2:0:0: Ending Domain Validation
[   23.294478] scsi target2:0:0: asynchronous
[   23.294961] scsi 2:0:1:0: Direct-Access     VBOX     HARDDISK         1.0  PQ: 0 ANSI: 5
[   23.320800] scsi target2:0:1: Beginning Domain Validation
[   23.534254] scsi target2:0:1: Domain Validation skipping write tests
[   23.742320] scsi target2:0:1: Ending Domain Validation
[   23.870637] scsi target2:0:1: asynchronous
[   24.162680] sd 2:0:0:0: Attached scsi generic sg0 type 0
[   24.293989] sd 2:0:0:0: [sda] 20971520 512-byte logical blocks: (10.7 GB/10.0 GiB)
[   24.294080] sd 2:0:1:0: Attached scsi generic sg1 type 0
[   24.294300] sd 2:0:1:0: [sdb] 20480 512-byte logical blocks: (10.5 MB/10.0 MiB)
[   24.294347] sd 2:0:1:0: [sdb] Write Protect is off
[   24.294421] sd 2:0:1:0: [sdb] Incomplete mode parameter data
[   24.294422] sd 2:0:1:0: [sdb] Assuming drive cache: write through
[   24.297574] sd 2:0:1:0: [sdb] Attached SCSI disk
[   25.334312] sd 2:0:0:0: [sda] Write Protect is off
[   25.495291] sd 2:0:0:0: [sda] Incomplete mode parameter data
[   25.530815] sd 2:0:0:0: [sda] Assuming drive cache: write through
[   25.535029]  sda: sda1
[   25.608067] sd 2:0:0:0: [sda] Attached SCSI disk
Begin: Loading essential drivers ... [   27.248274] raid6: sse2x1   gen()  9472 MB/s
[   27.304036] raid6: sse2x1   xor()  6066 MB/s
[   27.508323] raid6: sse2x2   gen() 10882 MB/s
[   27.704803] raid6: sse2x2   xor()  7300 MB/s
[   27.912058] raid6: sse2x4   gen() 12867 MB/s
[   28.112445] raid6: sse2x4   xor()  8550 MB/s
[   28.258930] raid6: using algorithm sse2x4 gen() 12867 MB/s
[   28.455961] raid6: .... xor() 8550 MB/s, rmw enabled
[   28.622061] raid6: using ssse3x2 recovery algorithm
[   28.809460] xor: automatically using best checksumming function   avx       
[   28.855551] async_tx: api initialized (async)
done.
Begin: Running /scripts/init-pre[   29.022393] Btrfs loaded, crc32c=crc32c-intel
mount ... done.
Begin: Mounting root file system ... Begin: Running /scripts/local-top ... done.
Begin: Running /scripts/local-premount ... Scanning for Btrfs filesystems
done.
Warning: fsck no[   29.221375] EXT4-fs (sda1): INFO: recovery required on readonly filesystem
t present, so skipping root file system
[   29.231488] EXT4-fs (sda1): write access will be enabled during recovery
[   29.312044] EXT4-fs (sda1): recovery complete
[   29.432700] EXT4-fs (sda1): mounted filesystem with ordered data mode. Opts: (null)
done.
Begin: Running /scripts/local-bottom ... done.
Begin: Running /scripts/init-bottom ... done.
[   29.824683] ip_tables: (C) 2000-2006 Netfilter Core Team
[   29.979465] systemd[1]: systemd 237 running in system mode. (+PAM +AUDIT +SELINUX +IMA +APPARMOR +SMACK +SYSVINIT +UTMP +LIBCRYPTSETUP +GCRYPT +GNUTLL +ACL +XZ +LZ4 +SECCOMP +BLKID +ELFUTILS +KMOD -IDN2 +IDN -PCRE2 default-hierarchy=hybrid)
[   30.549747] systemd[1]: Detected virtualization oracle.
[   30.726247] systemd[1]: Detected architecture x86-64.

Welcome to [1mUbuntu 18.04 LTS[0m!

[   30.953708] systemd[1]: Set hostname to <ubuntu-bionic>.
[   32.276631] systemd[1]: Created slice User and Session Slice.
[[0;32m  OK  [0m] Created slice User and Session Slice.
[   33.476138] systemd[1]: Reached target Swap.
[[0;32m  OK  [0m] Reached target Swap.
[   34.357793] systemd[1]: Set up automount Arbitrary Executable File Formats File System Automount Point.
[[0;32m  OK  [0m] Set up automount Arbitrary Executabâ€¦rmats File System Automount Point.
[   36.421012] systemd[1]: Reached target User and Group Name Lookups.
[[0;32m  OK  [0m] Reached target User and Group Name Lookups.
[   36.589515] systemd[1]: Created slice System Slice.
[[0;32m  OK  [0m] Created slice System Slice.
[   37.722327] systemd[1]: Listening on Syslog Socket.
[[0;32m  OK  [0m] Listening on Syslog Socket.
[   37.846591] systemd[1]: Listening on udev Control Socket.
[[0;32m  OK  [0m] Listening on udev Control Socket.
[   37.853237] systemd[1]: Listening on Network Service Netlink Socket.
[[0;32m  OK  [0m] Listening on Network Service Netlink Socket.
[   37.855963] systemd[1]: Created slice system-serial\x2dgetty.slice.
[[0;32m  OK  [0m] Created slice system-serial\x2dgetty.slice.
[   37.864764] systemd[1]: Listening on LVM2 poll daemon socket.
[[0;32m  OK  [0m] Listening on LVM2 poll daemon socket.
[   37.866910] systemd[1]: Listening on Journal Audit Socket.
[[0;32m  OK  [0m] Listening on Journal Audit Socket.
[   37.868971] systemd[1]: Listening on udev Kernel Socket.
[[0;32m  OK  [0m] Listening on udev Kernel Socket.
[   37.871160] systemd[1]: Reached target System Time Synchronized.
[[0;32m  OK  [0m] Reached target System Time Synchronized.
[[0;32m  OK  [0m] Reached target Slices.
[[0;32m  OK  [0m] Listening on /dev/initctl Compatibility Named Pipe.
[[0;32m  OK  [0m] Started Forward Password Requests to Wall Directory Watch.
[[0;32m  OK  [0m] Listening on Journal Socket.
         Mounting POSIX Message Queue File System...
         Starting Create list of required stâ€¦ce nodes for the current kernel...
         Starting Uncomplicated firewall...
         Starting Remount[   38.224851] EXT4-fs (sda1): re-mounted. Opts: (null)
 Root and Kernel File Systems...
         Mounting Huge Pages File System...
         Starting udev Coldplug all Devices...
         Mounting Kernel Debug File System...
[   38.553405] random: crng init done
         Starting Load Ke[   38.575682] Loading iSCSI transport class v2.0-870.
rnel Modules...[   38.781969] iscsi: registered transport (tcp)

[[0;32m  OK  [0m] Listening on [   38.972573] iscsi: registered transport (iser)
LVM2 metadata daeeon socket.
[[0;32m  OK  [0m] Listening on Journal Socket (/dev/log).
         Starting Journal Service...
[[0;32m  OK  [0m] Listening on Device-mapper event daemon FIFOs.
         Starting Monitoring of LVM2 mirrorsâ€¦ng dmeventd or progress polling...
         Starting Set the console keyboard layout...
[[0;32m  OK  [0m] Started Journal Service.
[[0;32m  OK  [0m] Mounted POSIX Message Queue File System.
[[0;32m  OK  [0m] Started Create list of required staâ€¦vice nodes for the current kernel.
[[0;32m  OK  [0m] Started Uncomplicated firewall.
[[0;32m  OK  [0m] Started Remount Root and Kernel File Systems.
[[0;32m  OK  [0m] Mounted Huge Pages File System.
[[0;32m  OK  [0m] Mounted Kernel Debug File System.
[[0;32m  OK  [0m] Started Load Kernel Modules.
[[0;32m  OK  [0m] Started udev Coldplug all Devices.
[[0;32m  OK  [0m] Started LVM2 metadata daemon.
         Mounting FUSE Control File System...
         Mounting Kernel Configuration File System...
         Starting Apply Kernel Variables...
         Starting Initial cloud-init job (pre-networking)...
         Starting Load/Save Random Seed...
         Starting Create Static Device Nodes in /dev...
         Starting Flush Journal to Persistent Storage...
[[0;32m  OK  [0m] Started Monitoring of LVM2 mirrors,â€¦sing dmeventd or progress polling.
[[0;32m  OK  [0m] Mounted FUSE Control File System.
[[0;32m  OK  [0m] Mounted Kernel Configuration File System.
[[0;32m  OK  [0m] Started Apply Kernel Variables.
[[0;32m  OK  [0m] Started Create Static Device Nodes in /dev.
         Starting udev Kernel Device Manager...
[[0;32m  OK  [0m] Started Load/Save Random Seed.
[[0;32m  OK  [0m] Started udev Kernel Device Manager.
[0;32m  OK  [0m] Started Set the console keyboard layout.
[[0;32m  OK  [0m] Started Flush Journal to Persistent Storage.
[[0;32m  OK  [0m] Started Dispatch Password Requests to Console Directory Watch.
[[0;32m  OK  [0m] Reached target Local Encrypted Volumes.
[[0;32m  OK  [0m] Reached target Local File Systems (Pre).
[[0;32m  OK  [0m] Reached target Local File Systems.
         Starting Tell Plymouth To Write Out Runtime Data...
         Starting AppArmor initialization...
         Starting Set console font and keymap...
         Starting QEMU KVM preparation - module, ksm, hugepages...
         Starting Enable support for additional executable binary formats...
         Starting ebtables ruleset management...
         Starting Create Volatile Files and Directories...
[[0;32m  OK  [0m] Started Tell Plymouth To Write Out Runtime Data.
[[0;32m  OK  [0m] Started Set console font and keymap.
         Mounting Arbitrary Executable File Formats File System...
[[0;32m  OK  [0m] Started Create Volatile Files and Directories.
         Starting Update UTMP about System Boot/Shutdown...
[[0;32m  OK  [0m] Mounted Arbitrary Executable File Formats File System.
[[0;32m  OK  [0m] Started QEMU KVM preparation - module, ksm, hugepages.
[[0;32m  OK  [0m] Started Enable support for additional executable binary formats.
[[0;32m  OK  [0m] Found device /dev/ttyS0.
[[0;32m  OK  [0m] Started Update UTMP about System Boot/Shutdown.
[[0;32m  OK  [0m] Started ebtables ruleset management.
[[0;32m  OK  [0m] Listening on Load/Save RF Kill Switch Status /dev/rfkill Watch.
[[0;32m  OK  [0m] Started AppArmor initialization.
[   41.917743] cloud-init[428]: Cloud-init v. 18.2 running 'init-local' at Wed, 13 Jun 2018 20:08:21 +0000. Up 41.64 seconds.
[[0;32m  OK  [0m] Started Initial cloud-init job (pre-networking).
[[0;32m  OK  [0m] Reached target Network (Pre).
         Starting Network Service...
[[0;32m  OK  [0m] Started Network Service.
         Starting Network Name Resolution...
         Starting Wait for Network to be Configured...
[[0;32m  OK  [0m] Started Network Name Resolution.
[[0;32m  OK  [0m] Reached target Host and Network Name Lookups.
[[0;32m  OK  [0m] Reached target Network.
[[0;32m  OK  [0m] Started Wait for Network to be Configured.
         Starting Initial cloud-init job (metadata service crawler)...
[   44.253614] cloud-init[723]: Cloud-init v. 18.2 running 'init' at Wed, 13 Jun 2018 20:08:24 +0000. Up 43.86 seconds.
[[0;32m  OK  [0m[   44.380252] ] cloud-initStarted Initial cloud-init job (metadata service crawler).[723]: 
ci-info: ++++++++++++++++++++++++++++++++++++++Net device info++++++++++++++++++++++++++++++++++++++
[[   44.589578] cloud-init[723]: ci-info: +--------+------+----------------------------+---------------+--------+-------------------+
[   44.590191] cloud-init[723]: ci-info: | Device |  Up  |          Address           |      Mask     | Scope  |     Hw-Address    |
[0;32m  OK  [0m] Reached target Cloud-config availability.
[   44.590772] cloud-init[723]: ci-info: +--------+------+----------------------------+---------------+--------+-------------------+
[   44.880935] cloud-init[723]: ci-info: | enp0s3 | True |         10.0.2.15          | 255.255.255.0 | global | 02:f4:47:a9:25:d8 |
[[0;32m  OK  [0m] Reached target System Initialization.
[   44.881578] cloud-init[723]: ci-info: | enp0s3 | True | fe80::f4:47ff:fea9:25d8/64 |       .       |  link  | 02:f4:47:a9:25:d8 |
[[0;32m  OK  [0m] Started Daily Cleanup of Temporary Directories.
[   45.177873] cloud-init[723]: ci-info: |   lo   | True |         127.0.0.1          |   255.0.0.0   |  host  |         .         |
         [   45.397182] Starting Socket activation for snappy daemon.cloud-init
[723]: ci-info: |   lo   | True |          ::1/128           |       .       |  host  |         .         |
[[0;32m  OK  [0m[   45.593086] ] cloud-initListening on D-Bus System Message Bus Socket.[723]: 
ci-info: +--------+------+----------------------------+---------------+--------+-------------------+
[[   45.812553] [0;32m  OK  [0mcloud-init] [723]: Started Message of the Day.ci-info: ++++++++++++++++++++++++++++Route IPv4 info+++++++++++++++++++++++++++++

[[0;32m  OK  [0m] Started Daily apt download activities.
[   45.928956] cloud-init[723]: ci-info: +-------+-------------+----------+-----------------+-----------+-------+
[[   46.080586] cloud-init[723]: ci-info: | Route | Destination | Gateway  |     Genmask     | Interface | Flags |
[0;32m  OK  [0m] Started Daily apt upgrade and clean activities.
[   46.081814] cloud-init[723]: ci-info: +-------+-------------+----------+-----------------+-----------+-------+
[[0;32m  OK  [0m[   46.396629] ] cloud-initStarted Discard unused blocks once a week.[723]: 
ci-info: |   0   |   0.0.0.0   | 10.0.2.2 |     0.0.0.0     |   enp0s3  |   UG  |
[[   46.556843] cloud-init[723]: ci-info: |   1   |   10.0.2.0  | 0.0.0.0  |  255.255.255.0  |   enp0s3  |   U   |
[   46.557275] cloud-init[723]: ci-info: |   2   |   10.0.2.2  | 0.0.0.0  | 255.255.255.255 |   enp0s3  |   UH  |
[0;32m  OK  [0m] Reached target Timers.
[   46.557846] cloud-init[723]: ci-info: +-------+-------------+----------+-----------------+-----------+-------+
[[   46.832525] cloud-init[723]: ci-info: +++++++++++++++++++Route IPv6 info+++++++++++++++++++
[   46.833257] cloud-init[723]: ci-info: +-------+-------------+---------+-----------+-------+
[0;32m  OK  [0m] Started ACPI Events Check.
[[   46.833832] cloud-init[723]: ci-info: | Route | Destination | Gateway | Interface | Flags |
[   47.037218] cloud-init[723]: ci-info: +-------+-------------+---------+-----------+-------+
[0;32m  OK  [0m] Reached target Paths.
[   47.037734] cloud-init[723]: ci-info: |   1   |  fe80::/64  |    ::   |   enp0s3  |   U   |
[[   47.336904] cloud-init[723]: ci-info: |   3   |    local    |    ::   |   enp0s3  |   U   |
[   47.337819] cloud-init[723]: ci-info: |   4   |   ff00::/8  |    ::   |   enp0s3  |   U   |
[0;32m  OK  [0m] Listening on ACPID Listen Socket.
[   47.338142] cloud-init[723]: ci-info: +-------+-------------+---------+-----------+-------+
[[0;32m  OK  [0m] Listening on UUID daemon activation socket.
         Starting LXD - unix socket.
[[0;32m  OK  [0m] Reached target Network is Online.
         Starting iSCSI initiator daemon (iscsid)...
[[0;32m  OK  [0m] Listening on Socket activation for snappy daemon.
[[0;32m  OK  [0m] Listening on LXD - unix socket.
[[0;32m  OK  [0m] Reached target Sockets.
[[0;32m  OK  [0m] Reached target Basic System.
[[0;32m  OK  [0m] Started D-Bus System Message Bus.
         Starting LXD - container startup/shutdown...
         Starting LSB: Record successful boot for GRUB...
         Starting Apply the settings specified in cloud-config...
[[0;32m  OK  [0m] Started irqbalance daemon.
         Starting Virtualbox guest utils...
         Starting Accounts Service...
[[0;32m  OK  [0m] Started Deferred execution scheduler.
         Starting OpenBSD Secure Shell server...
[[0;32m  OK  [0m] Started FUSE filesystem for LXC.
[[0;32m  OK  [0m] Started Regular background program processing daemon.
         Starting Login Service...
         Starting System Logging Service...
         Starting Dispatcher daemon for systemd-networkd...
[[0;32m  OK  [0m] Started Unattended Upgrades Shutdown.
         Starting Snappy daemon...
[[0;32m  OK  [0m] Started System Logging Service.
[[0;32m  OK  [0m] Started Dispatcher daemon for systemd-networkd.
[[0;32m  OK  [0m] Started iSCSI initiator daemon (iscsid).
[[0;32m  OK  [0m] Started LXD - container startup/shutdown.
[[0;32m  OK  [0m] Started Login Service.
[[0;32m  OK  [0m] Started OpenBSD Secure Shell server.
[[0;32m  OK  [0m] Started Snappy daemon.
         Starting Wait until snapd is fully seeded...
         Starting Authorization Manager...
[[0;32m  OK  [0m] Reached target Remote File Systems (Pre).
[[0;32m  OK  [0m] Reached target Remote File Systems.
         Starting LSB: automatic crash report generation...
         Starting Permit User Sessions...
         Starting Availability of block devices...
[[0;32m  OK  [0m] Started Permit User Sessions.
[[0;32m  OK  [0m] Started LSB: Record successful boot for GRUB.
[[0;32m  OK  [0m] Started Virtualbox guest utils.
[[0;32m  OK  [0m] Started Wait until snapd is fully seeded.
[   49.040111] cloud-init[872]: Cloud-init v. 18.2 running 'modules:config' at Wed, 13 Jun 2018 20:08:29 +0000. Up 48.79 seconds.[
[0;32m  OK  [0m] Started LSB: automatic crash report generation.
[[0;32m  OK  [0m] Started Availability of block devices.
[[0;32m  OK  [0m] Started Apply the settings specified in cloud-config.
[[0;32m  OK  [0m] Started Authorization Manager.
[[0;32m  OK  [0m] Started Accounts Service.
         Starting Hold until boot process finishes up...
         Starting Terminate Plymouth Boot Screen...
[[0;32m  OK  [0m] Started Hold until boot process finishes up.
         Starting Set console scheme...
[[0;32m  OK  [0m] Started Serial Getty on ttyS0.
[[0;32m  OK  [0m] Started Terminate Plymouth Boot Screen.
[[0;32m  OK  [0m] Started Set console scheme.
[[0;32m  OK  [0m] Created slice system-getty.slice.
[[0;32m  OK  [0m] Started Getty on tty1.
[[0;32m  OK  [0m] Reached target Login Prompts.
[[0;32m  OK  [0m] Reached targee Multi-User System.
[[0;32m  OK  [0m] Reached target Graphical Interface.
         Starting Update UTMP about System Runlevel Changes...
         Starting Execute cloud user/final scripts...
[[0;32m  OK  [0m] Started Update UTMP about System Runlevel Changes.
[   50.283515] cloud-init[1218]: Cloud-init v. 18.2 running 'modules:final' at Wed, 13 Jun 2018 20:08:30 +0000. Up 50.12 seconds.
[[0;32m  OK  [0m] Started Execute cloud user/final scripts.
[   50.335528] cloud-init[1218]: Cloud-init v. 18.2 finished at Wed, 13 Jun 2018 20:08:30 +0000..Datasource DataSourceNoCloud [seed=/dev/sdb][dsmode=net].  Up 50.27 seconds
[[0;32m  OK  [0m] Reached target Cloud-init target.

Ubuntu 18.04 LTS ubuntu-bionic ttyS0

ubuntu-bionic login: 